<html>
<body>
<pre>
<h1>µVision Build Log</h1>
<h2>Tool Versions:</h2>
IDE-Version: ÂµVision V5.33.0.0
Copyright (C) 2020 ARM Ltd and ARM Germany GmbH. All rights reserved.
License Information: gavas k, student, LIC=----
 
Tool Versions:
Toolchain:       MDK-Lite  Version: 5.33.0.0
Toolchain Path:  C:\Keil_v5\ARM\ARMCLANG\Bin
C Compiler:      ArmClang.exe V6.15
Assembler:       Armasm.exe V6.15
Linker/Locator:  ArmLink.exe V6.15
Library Manager: ArmAr.exe V6.15
Hex Converter:   FromElf.exe V6.15
CPU DLL:         SARMCM3.DLL V5.33.0.0
Dialog DLL:      DCM.DLL V1.17.3.0
Target DLL:      STLink\ST-LINKIII-KEIL_SWO.dll V3.0.8.0
Dialog DLL:      TCM.DLL V1.48.0.0
 
<h2>Project:</h2>
C:\Users\omnit\Documents\projects\asm_stm32\asm_stm32.uvprojx
Project File Date:  01/12/2021

<h2>Output:</h2>
*** Using Compiler 'V6.15', folder: 'C:\Keil_v5\ARM\ARMCLANG\Bin'
Rebuild target 'stm32f4'
assembling startup_stm32f429xx.s...
"main.s", line 32 (column 10): Warning: A1865W: '#' not seen before constant expression
   32 00000008   ORR R1,GPIOBEN  ; RCC_AHB1ENR ORR 1<<1
                        ^
"main.s", line 36: Warning: A1876W: Use of '|' as a synonym for the :OR: operator is deprecated.
   36 00000010   LDR R1,=(MODER14_OUT|MODER7_OUT|MODER0_OUT) ;R1 points to pins 14,7,0
0 Errors, 2 Warnings
assembling main.s...
compiling system_stm32f4xx.c...
linking...
Program Size: Code=192 RO-data=428 RW-data=0 ZI-data=1536  
".\Objects\asm_stm32.axf" - 0 Error(s), 0 Warning(s).

<h2>Software Packages used:</h2>

Package Vendor: ARM
                http://www.keil.com/pack/ARM.CMSIS.5.7.0.pack
                ARM.CMSIS.5.7.0
                CMSIS (Cortex Microcontroller Software Interface Standard)
   * Component: CORE Version: 5.4.0

Package Vendor: Keil
                http://www.keil.com/pack/Keil.STM32F4xx_DFP.2.15.0.pack
                Keil.STM32F4xx_DFP.2.15.0
                STMicroelectronics STM32F4 Series Device Support, Drivers and Examples
   * Component: Startup Version: 2.6.3

<h2>Collection of Component include folders:</h2>
  .\RTE\_stm32f4
  C:\Users\omnit\AppData\Local\Arm\Packs\ARM\CMSIS\5.7.0\CMSIS\Core\Include
  C:\Users\omnit\AppData\Local\Arm\Packs\Keil\STM32F4xx_DFP\2.15.0\Drivers\CMSIS\Device\ST\STM32F4xx\Include

<h2>Collection of Component Files used:</h2>

   * Component: ARM::CMSIS:CORE:5.4.0

   * Component: Keil::Device:Startup:2.6.3
      Source file:   MDK\Device\Source\ARM\STM32F42xxx_43xxx_OPT.s
      Source file:   MDK\Device\Source\ARM\STM32F4xx_OTP.s
      Include file:  Drivers\CMSIS\Device\ST\STM32F4xx\Include\stm32f4xx.h
      Source file:   Drivers\CMSIS\Device\ST\STM32F4xx\Source\Templates\arm\startup_stm32f429xx.s
      Source file:   Drivers\CMSIS\Device\ST\STM32F4xx\Source\Templates\system_stm32f4xx.c
Build Time Elapsed:  00:00:01
</pre>
</body>
</html>
